========================================
  Protocol      : V4 (Sigmoid-Based Adaptive Routing)
  Nodes         : 100
  Seed          : 24
  Traffic       : low
  Mobility      : low
  k_R           : 5
  x0_R          : 0.5
  k_L           : 5
  x0_L          : 0.5
  w_R           : 0.75
  w_L           : 0.25
  Area          : 250x250 m
  txRange       : 90 m
  Duration      : 300 s
  Output dir    : /Users/pinpuk/ns-3-dev/results/v4-matched
========================================
  [V4 Pass 1/2] baseline hop-count measurement run (results discarded, only real link-byte counts kept)...
  [V4 Pass 2/2] AdaptiveCost-weighted Dijkstra routes installed, final measurement run (this is the reported row)...
========================================
  Protocol      : v4 (Sigmoid-Based Adaptive Routing)
  Sensors       : 100
  Traffic level : low (4kbps/sensor)
  Mobility mode : low (1 m/s)
  Seed          : 24
  V4 params     : k_R=5 x0_R=0.5 k_L=5 x0_L=0.5 w_R=0.75 w_L=0.25
  Tx packets    : 26300
  Rx packets    : 4014
  Packet loss   : 22286
  PDR (%)       : 15.2624
  Throughput    : 64.224 kbps
  Avg delay     : 0.130646 s
  Avg jitter    : 0.0611949 s
  Routing ovhd  : 0 packets (best-effort)
  Avg hop count : 1.57 (exact, V4 cost-tree)
  Path changes  : 0
  Avg link util : 0.00366689
  Max link util : 0.0241613
  Unreachable   : 0
========================================
