========================================
  Protocol      : V4 (Sigmoid-Based Adaptive Routing)
  Nodes         : 10
  Seed          : 22
  Traffic       : medium
  Mobility      : static
  k_R           : 5
  x0_R          : 0.5
  k_L           : 5
  x0_L          : 0.5
  w_R           : 0.75
  w_L           : 0.25
  Area          : 250x250 m
  txRange       : 90 m
  Duration      : 300 s
  Output dir    : /Users/pinpuk/ns-3-dev/results/v4-matched
========================================
  [V4 Pass 1/2] baseline hop-count measurement run (results discarded, only real link-byte counts kept)...
  [V4 Pass 2/2] AdaptiveCost-weighted Dijkstra routes installed, final measurement run (this is the reported row)...
========================================
  Protocol      : v4 (Sigmoid-Based Adaptive Routing)
  Sensors       : 10
  Traffic level : medium (8kbps/sensor)
  Mobility mode : static
  Seed          : 22
  V4 params     : k_R=5 x0_R=0.5 k_L=5 x0_L=0.5 w_R=0.75 w_L=0.25
  Tx packets    : 5270
  Rx packets    : 2775
  Packet loss   : 2495
  PDR (%)       : 52.6565
  Throughput    : 44.4 kbps
  Avg delay     : 0.0392622 s
  Avg jitter    : 0.0198405 s
  Routing ovhd  : 0 packets (best-effort)
  Avg hop count : 1.625 (exact, V4 cost-tree)
  Path changes  : 0
  Avg link util : 0.00988181
  Max link util : 0.0348518
  Unreachable   : 2
========================================
