========================================
  Protocol      : V4 (Sigmoid-Based Adaptive Routing)
  Nodes         : 20
  Seed          : 22
  Traffic       : low
  Mobility      : static
  k_R           : 5
  x0_R          : 0.5
  k_L           : 5
  x0_L          : 0.5
  w_R           : 0.75
  w_L           : 0.25
  Area          : 250x250 m
  txRange       : 90 m
  Duration      : 300 s
  Output dir    : /Users/pinpuk/ns-3-dev/results/v4-matched
========================================
  [V4 Pass 1/2] baseline hop-count measurement run (results discarded, only real link-byte counts kept)...
  [V4 Pass 2/2] AdaptiveCost-weighted Dijkstra routes installed, final measurement run (this is the reported row)...
========================================
  Protocol      : v4 (Sigmoid-Based Adaptive Routing)
  Sensors       : 20
  Traffic level : low (4kbps/sensor)
  Mobility mode : static
  Seed          : 22
  V4 params     : k_R=5 x0_R=0.5 k_L=5 x0_L=0.5 w_R=0.75 w_L=0.25
  Tx packets    : 5260
  Rx packets    : 1438
  Packet loss   : 3822
  PDR (%)       : 27.3384
  Throughput    : 23.008 kbps
  Avg delay     : 0.0390286 s
  Avg jitter    : 0.0140678 s
  Routing ovhd  : 0 packets (best-effort)
  Avg hop count : 1.9 (exact, V4 cost-tree)
  Path changes  : 0
  Avg link util : 0.00346897
  Max link util : 0.0130406
  Unreachable   : 0
========================================
