========================================
  Protocol      : V4 (Sigmoid-Based Adaptive Routing)
  Nodes         : 30
  Seed          : 21
  Traffic       : low
  Mobility      : medium
  k_R           : 5
  x0_R          : 0.5
  k_L           : 5
  x0_L          : 0.5
  w_R           : 0.75
  w_L           : 0.25
  Area          : 250x250 m
  txRange       : 90 m
  Duration      : 300 s
  Output dir    : /Users/pinpuk/ns-3-dev/results/v4-matched
========================================
  [V4 Pass 1/2] baseline hop-count measurement run (results discarded, only real link-byte counts kept)...
  [V4 Pass 2/2] AdaptiveCost-weighted Dijkstra routes installed, final measurement run (this is the reported row)...
========================================
  Protocol      : v4 (Sigmoid-Based Adaptive Routing)
  Sensors       : 30
  Traffic level : low (4kbps/sensor)
  Mobility mode : medium (5 m/s)
  Seed          : 21
  V4 params     : k_R=5 x0_R=0.5 k_L=5 x0_L=0.5 w_R=0.75 w_L=0.25
  Tx packets    : 7890
  Rx packets    : 1451
  Packet loss   : 6439
  PDR (%)       : 18.3904
  Throughput    : 23.216 kbps
  Avg delay     : 0.0589367 s
  Avg jitter    : 0.0300234 s
  Routing ovhd  : 0 packets (best-effort)
  Avg hop count : 1.46667 (exact, V4 cost-tree)
  Path changes  : 0
  Avg link util : 0.00423639
  Max link util : 0.017449
  Unreachable   : 0
========================================
