========================================
  Protocol      : V4 (Sigmoid-Based Adaptive Routing)
  Nodes         : 30
  Seed          : 24
  Traffic       : high
  Mobility      : low
  k_R           : 5
  x0_R          : 0.5
  k_L           : 5
  x0_L          : 0.5
  w_R           : 0.75
  w_L           : 0.25
  Area          : 250x250 m
  txRange       : 90 m
  Duration      : 300 s
  Output dir    : /Users/pinpuk/ns-3-dev/results/v4-matched
========================================
  [V4 Pass 1/2] baseline hop-count measurement run (results discarded, only real link-byte counts kept)...
  [V4 Pass 2/2] AdaptiveCost-weighted Dijkstra routes installed, final measurement run (this is the reported row)...
========================================
  Protocol      : v4 (Sigmoid-Based Adaptive Routing)
  Sensors       : 30
  Traffic level : high (16kbps/sensor)
  Mobility mode : low (1 m/s)
  Seed          : 24
  V4 params     : k_R=5 x0_R=0.5 k_L=5 x0_L=0.5 w_R=0.75 w_L=0.25
  Tx packets    : 31620
  Rx packets    : 13199
  Packet loss   : 18421
  PDR (%)       : 41.7426
  Throughput    : 211.184 kbps
  Avg delay     : 0.0761409 s
  Avg jitter    : 0.0341763 s
  Routing ovhd  : 0 packets (best-effort)
  Avg hop count : 1.43333 (exact, V4 cost-tree)
  Path changes  : 0
  Avg link util : 0.0168692
  Max link util : 0.0904397
  Unreachable   : 0
========================================
