========================================
  Protocol      : V4 (Sigmoid-Based Adaptive Routing)
  Nodes         : 30
  Seed          : 27
  Traffic       : medium
  Mobility      : static
  k_R           : 5
  x0_R          : 0.5
  k_L           : 5
  x0_L          : 0.5
  w_R           : 0.75
  w_L           : 0.25
  Area          : 250x250 m
  txRange       : 90 m
  Duration      : 300 s
  Output dir    : /Users/pinpuk/ns-3-dev/results/v4-matched
========================================
  [V4 Pass 1/2] baseline hop-count measurement run (results discarded, only real link-byte counts kept)...
  [V4 Pass 2/2] AdaptiveCost-weighted Dijkstra routes installed, final measurement run (this is the reported row)...
========================================
  Protocol      : v4 (Sigmoid-Based Adaptive Routing)
  Sensors       : 30
  Traffic level : medium (8kbps/sensor)
  Mobility mode : static
  Seed          : 27
  V4 params     : k_R=5 x0_R=0.5 k_L=5 x0_L=0.5 w_R=0.75 w_L=0.25
  Tx packets    : 15810
  Rx packets    : 5303
  Packet loss   : 10507
  PDR (%)       : 33.5421
  Throughput    : 84.848 kbps
  Avg delay     : 0.0599984 s
  Avg jitter    : 0.0194042 s
  Routing ovhd  : 0 packets (best-effort)
  Avg hop count : 1.73333 (exact, V4 cost-tree)
  Path changes  : 0
  Avg link util : 0.0072753
  Max link util : 0.0321024
  Unreachable   : 0
========================================
