========================================
  Protocol      : V4 (Sigmoid-Based Adaptive Routing)
  Nodes         : 50
  Seed          : 30
  Traffic       : high
  Mobility      : medium
  k_R           : 5
  x0_R          : 0.5
  k_L           : 5
  x0_L          : 0.5
  w_R           : 0.75
  w_L           : 0.25
  Area          : 250x250 m
  txRange       : 90 m
  Duration      : 300 s
  Output dir    : /Users/pinpuk/ns-3-dev/results/v4-matched
========================================
  [V4 Pass 1/2] baseline hop-count measurement run (results discarded, only real link-byte counts kept)...
  [V4 Pass 2/2] AdaptiveCost-weighted Dijkstra routes installed, final measurement run (this is the reported row)...
========================================
  Protocol      : v4 (Sigmoid-Based Adaptive Routing)
  Sensors       : 50
  Traffic level : high (16kbps/sensor)
  Mobility mode : medium (5 m/s)
  Seed          : 30
  V4 params     : k_R=5 x0_R=0.5 k_L=5 x0_L=0.5 w_R=0.75 w_L=0.25
  Tx packets    : 52700
  Rx packets    : 6287
  Packet loss   : 46413
  PDR (%)       : 11.9298
  Throughput    : 100.592 kbps
  Avg delay     : 0.0906333 s
  Avg jitter    : 0.0473595 s
  Routing ovhd  : 0 packets (best-effort)
  Avg hop count : 1.64 (exact, V4 cost-tree)
  Path changes  : 0
  Avg link util : 0.0127006
  Max link util : 0.075479
  Unreachable   : 0
========================================
