========================================
  Protocol      : V4 (Sigmoid-Based Adaptive Routing)
  Nodes         : 50
  Seed          : 25
  Traffic       : low
  Mobility      : static
  k_R           : 5
  x0_R          : 0.5
  k_L           : 5
  x0_L          : 0.5
  w_R           : 0.75
  w_L           : 0.25
  Area          : 250x250 m
  txRange       : 90 m
  Duration      : 300 s
  Output dir    : /Users/pinpuk/ns-3-dev/results/v4-matched
========================================
  [V4 Pass 1/2] baseline hop-count measurement run (results discarded, only real link-byte counts kept)...
  [V4 Pass 2/2] AdaptiveCost-weighted Dijkstra routes installed, final measurement run (this is the reported row)...
========================================
  Protocol      : v4 (Sigmoid-Based Adaptive Routing)
  Sensors       : 50
  Traffic level : low (4kbps/sensor)
  Mobility mode : static
  Seed          : 25
  V4 params     : k_R=5 x0_R=0.5 k_L=5 x0_L=0.5 w_R=0.75 w_L=0.25
  Tx packets    : 13150
  Rx packets    : 3220
  Packet loss   : 9930
  PDR (%)       : 24.4867
  Throughput    : 51.52 kbps
  Avg delay     : 0.0585041 s
  Avg jitter    : 0.029827 s
  Routing ovhd  : 0 packets (best-effort)
  Avg hop count : 1.5 (exact, V4 cost-tree)
  Path changes  : 0
  Avg link util : 0.00323264
  Max link util : 0.0106138
  Unreachable   : 0
========================================
