========================================
  Protocol      : V4 (Sigmoid-Based Adaptive Routing)
  Nodes         : 75
  Seed          : 24
  Traffic       : medium
  Mobility      : static
  k_R           : 5
  x0_R          : 0.5
  k_L           : 5
  x0_L          : 0.5
  w_R           : 0.75
  w_L           : 0.25
  Area          : 250x250 m
  txRange       : 90 m
  Duration      : 300 s
  Output dir    : /Users/pinpuk/ns-3-dev/results/v4-matched
========================================
  [V4 Pass 1/2] baseline hop-count measurement run (results discarded, only real link-byte counts kept)...
  [V4 Pass 2/2] AdaptiveCost-weighted Dijkstra routes installed, final measurement run (this is the reported row)...
========================================
  Protocol      : v4 (Sigmoid-Based Adaptive Routing)
  Sensors       : 75
  Traffic level : medium (8kbps/sensor)
  Mobility mode : static
  Seed          : 24
  V4 params     : k_R=5 x0_R=0.5 k_L=5 x0_L=0.5 w_R=0.75 w_L=0.25
  Tx packets    : 39525
  Rx packets    : 13679
  Packet loss   : 25846
  PDR (%)       : 34.6085
  Throughput    : 218.864 kbps
  Avg delay     : 0.162575 s
  Avg jitter    : 0.0541125 s
  Routing ovhd  : 0 packets (best-effort)
  Avg hop count : 1.52 (exact, V4 cost-tree)
  Path changes  : 0
  Avg link util : 0.0079981
  Max link util : 0.0891341
  Unreachable   : 0
========================================
