========================================
  Protocol      : V4 (Sigmoid-Based Adaptive Routing)
  Nodes         : 75
  Seed          : 20
  Traffic       : medium
  Mobility      : static
  k_R           : 5
  x0_R          : 0.5
  k_L           : 5
  x0_L          : 0.5
  w_R           : 0.75
  w_L           : 0.25
  Area          : 250x250 m
  txRange       : 90 m
  Duration      : 300 s
  Output dir    : /Users/pinpuk/ns-3-dev/results/v4-matched
========================================
  [V4 Pass 1/2] baseline hop-count measurement run (results discarded, only real link-byte counts kept)...
  [V4 Pass 2/2] AdaptiveCost-weighted Dijkstra routes installed, final measurement run (this is the reported row)...
========================================
  Protocol      : v4 (Sigmoid-Based Adaptive Routing)
  Sensors       : 75
  Traffic level : medium (8kbps/sensor)
  Mobility mode : static
  Seed          : 20
  V4 params     : k_R=5 x0_R=0.5 k_L=5 x0_L=0.5 w_R=0.75 w_L=0.25
  Tx packets    : 39525
  Rx packets    : 10931
  Packet loss   : 28594
  PDR (%)       : 27.6559
  Throughput    : 174.896 kbps
  Avg delay     : 0.111758 s
  Avg jitter    : 0.0456606 s
  Routing ovhd  : 0 packets (best-effort)
  Avg hop count : 1.62667 (exact, V4 cost-tree)
  Path changes  : 0
  Avg link util : 0.0075474
  Max link util : 0.0448051
  Unreachable   : 0
========================================
