==== REPRO VALIDATION START 2026-09-11 02:09:33  total=51 ====
[1/51] caseA_aodv_n10_medium_seed20 02:09:33
[2/51] caseA_aodv_n10_medium_seed25 02:09:36
[3/51] caseA_aodv_n10_medium_seed30 02:09:37
[4/51] caseA_aodv_n50_medium_seed20 02:09:39
[5/51] caseA_aodv_n50_medium_seed25 02:12:00
[6/51] caseA_aodv_n50_medium_seed30 02:14:10
[7/51] caseA_aodv_n100_medium_seed20 02:17:05
[8/51] caseA_aodv_n100_medium_seed25 02:25:30
[9/51] caseA_aodv_n100_medium_seed30 02:32:49
[10/51] caseA_olsr_n10_medium_seed20 02:41:15
[11/51] caseA_olsr_n10_medium_seed25 02:41:16
[12/51] caseA_olsr_n10_medium_seed30 02:41:18
[13/51] caseA_olsr_n50_medium_seed20 02:41:19
[14/51] caseA_olsr_n50_medium_seed25 02:42:31
[15/51] caseA_olsr_n50_medium_seed30 02:43:53
[16/51] caseA_olsr_n100_medium_seed20 02:45:05
[17/51] caseA_olsr_n100_medium_seed25 02:50:26
[18/51] caseA_olsr_n100_medium_seed30 02:58:10
[19/51] caseA_static_n10_medium_seed20 03:04:45
[20/51] caseA_static_n10_medium_seed25 03:04:45
[21/51] caseA_static_n10_medium_seed30 03:04:46
[22/51] caseA_static_n50_medium_seed20 03:04:47
[23/51] caseA_static_n50_medium_seed25 03:05:01
[24/51] caseA_static_n50_medium_seed30 03:05:15
[25/51] caseA_static_n100_medium_seed20 03:05:31
[26/51] caseA_static_n100_medium_seed25 03:06:12
[27/51] caseA_static_n100_medium_seed30 03:07:20
[28/51] caseB_olsr_n75_high_seed20 03:08:01
[29/51] caseB_olsr_n75_high_seed25 03:11:04
[30/51] caseB_olsr_n75_high_seed30 03:14:09
[31/51] caseB_olsr_n100_high_seed20 03:17:03
[32/51] caseB_olsr_n100_high_seed25 03:22:04
[33/51] caseB_olsr_n100_high_seed30 03:27:28
[34/51] caseC_olsr_n75_rate16_seed20 03:32:38
[35/51] caseC_olsr_n75_rate16_seed25 03:35:07
[36/51] caseC_olsr_n75_rate16_seed30 03:37:37
[37/51] caseC_olsr_n100_rate16_seed20 03:39:59
[38/51] caseC_olsr_n100_rate16_seed25 03:44:06
[39/51] caseC_olsr_n100_rate16_seed30 03:48:57
[40/51] caseC_olsr_n75_rate4_seed20 03:53:29
[41/51] caseC_olsr_n75_rate4_seed25 03:56:32
[42/51] caseC_olsr_n75_rate4_seed30 04:00:43
[43/51] caseC_olsr_n100_rate4_seed20 04:03:49
[44/51] caseC_olsr_n100_rate4_seed25 04:10:34
[45/51] caseC_olsr_n100_rate4_seed30 04:20:35
[46/51] caseD_static_n50_rate16_seed20 04:28:26
[47/51] caseD_static_n50_rate16_seed25 04:28:51
[48/51] caseD_static_n50_rate16_seed30 04:29:18
[49/51] caseD_static_n50_rate4_seed20 04:29:50
[50/51] caseD_static_n50_rate4_seed25 04:29:56
[51/51] caseD_static_n50_rate4_seed30 04:30:01
==== REPRO VALIDATION DONE 2026-09-11 04:30:07  runs=51  failed=0 ====
