  Note: 1 sensor(s) have no path to the gateway within the assumed static-route range (txRange=90 m) and are unreachable under static routing by construction.
========================================
  Protocol      : static
  Sensors       : 30
  Traffic level : low (4kbps/sensor)
  Mobility mode : static
  Seed          : 28
  Tx packets    : 7890
  Rx packets    : 1505
  Packet loss   : 6385
  PDR (%)       : 19.0748
  Throughput    : 24.08 kbps
  Avg delay     : 0.042847 s
  Avg jitter    : 0.0193751 s
  Routing ovhd  : 0 packets (best-effort)
  Avg hop count : 1.55172 (exact)
  Path changes  : 0
  Avg link util : 0.00367791
  Max link util : 0.0102605
========================================
