  Note: 1 sensor(s) have no path to the gateway within the assumed static-route range (txRange=90 m) and are unreachable under static routing by construction.
========================================
  Protocol      : static
  Sensors       : 10
  Traffic level : medium (8kbps/sensor)
  Mobility mode : medium (5 m/s)
  Seed          : 28
  Tx packets    : 5270
  Rx packets    : 2490
  Packet loss   : 2780
  PDR (%)       : 47.2486
  Throughput    : 39.84 kbps
  Avg delay     : 0.0356663 s
  Avg jitter    : 0.019153 s
  Routing ovhd  : 0 packets (best-effort)
  Avg hop count : 1.55556 (exact)
  Path changes  : 0
  Avg link util : 0.00994278
  Max link util : 0.0331008
========================================
