  Note: 6 sensor(s) have no path to the gateway within the assumed static-route range (txRange=90 m) and are unreachable under static routing by construction.
========================================
  Protocol      : static
  Sensors       : 10
  Traffic level : low (4kbps/sensor)
  Mobility mode : static
  Seed          : 26
  Tx packets    : 2630
  Rx packets    : 1141
  Packet loss   : 1489
  PDR (%)       : 43.384
  Throughput    : 18.256 kbps
  Avg delay     : 0.0247951 s
  Avg jitter    : 0.0135685 s
  Routing ovhd  : 0 packets (best-effort)
  Avg hop count : 1.25 (exact)
  Path changes  : 0
  Avg link util : 0.00363995
  Max link util : 0.0155904
========================================
