  Note: 2 sensor(s) have no path to the gateway within the assumed static-route range (txRange=90 m) and are unreachable under static routing by construction.
========================================
  Protocol      : static
  Sensors       : 20
  Traffic level : high (16kbps/sensor)
  Mobility mode : low (1 m/s)
  Seed          : 30
  Tx packets    : 21080
  Rx packets    : 5898
  Packet loss   : 15182
  PDR (%)       : 27.9791
  Throughput    : 94.368 kbps
  Avg delay     : 0.0588461 s
  Avg jitter    : 0.0279803 s
  Routing ovhd  : 0 packets (best-effort)
  Avg hop count : 1.88889 (exact)
  Path changes  : 0
  Avg link util : 0.0145952
  Max link util : 0.0567552
========================================
