  Note: 2 sensor(s) have no path to the gateway within the assumed static-route range (txRange=90 m) and are unreachable under static routing by construction.
========================================
  Protocol      : static
  Sensors       : 10
  Traffic level : low (4kbps/sensor)
  Mobility mode : static
  Seed          : 22
  Tx packets    : 2630
  Rx packets    : 1178
  Packet loss   : 1452
  PDR (%)       : 44.7909
  Throughput    : 18.848 kbps
  Avg delay     : 0.0359312 s
  Avg jitter    : 0.0210271 s
  Routing ovhd  : 0 packets (best-effort)
  Avg hop count : 1.625 (exact)
  Path changes  : 0
  Avg link util : 0.00359061
  Max link util : 0.012887
========================================
