  Note: 2 sensor(s) have no path to the gateway within the assumed static-route range (txRange=90 m) and are unreachable under static routing by construction.
========================================
  Protocol      : static
  Sensors       : 20
  Traffic level : low (4kbps/sensor)
  Mobility mode : medium (5 m/s)
  Seed          : 30
  Tx packets    : 5260
  Rx packets    : 879
  Packet loss   : 4381
  PDR (%)       : 16.711
  Throughput    : 14.064 kbps
  Avg delay     : 0.0519123 s
  Avg jitter    : 0.0249106 s
  Routing ovhd  : 0 packets (best-effort)
  Avg hop count : 1.88889 (exact)
  Path changes  : 0
  Avg link util : 0.00491691
  Max link util : 0.0194918
========================================
