  Note: 6 sensor(s) have no path to the gateway within the assumed static-route range (txRange=90 m) and are unreachable under static routing by construction.
========================================
  Protocol      : static
  Sensors       : 10
  Traffic level : medium (8kbps/sensor)
  Mobility mode : static
  Seed          : 26
  Tx packets    : 5270
  Rx packets    : 2342
  Packet loss   : 2928
  PDR (%)       : 44.4402
  Throughput    : 37.472 kbps
  Avg delay     : 0.0257509 s
  Avg jitter    : 0.0143771 s
  Routing ovhd  : 0 packets (best-effort)
  Avg hop count : 1.25 (exact)
  Path changes  : 0
  Avg link util : 0.00856818
  Max link util : 0.0304435
========================================
