  Note: 8 sensor(s) have no path to the gateway within the assumed static-route range (txRange=90 m) and are unreachable under static routing by construction.
========================================
  Protocol      : static
  Sensors       : 10
  Traffic level : high (16kbps/sensor)
  Mobility mode : low (1 m/s)
  Seed          : 20
  Tx packets    : 10540
  Rx packets    : 6546
  Packet loss   : 3994
  PDR (%)       : 62.1063
  Throughput    : 104.736 kbps
  Avg delay     : 0.0379597 s
  Avg jitter    : 0.0192374 s
  Routing ovhd  : 0 packets (best-effort)
  Avg hop count : 1.5 (exact)
  Path changes  : 0
  Avg link util : 0.0165451
  Max link util : 0.0603341
========================================
