  Note: 6 sensor(s) have no path to the gateway within the assumed static-route range (txRange=90 m) and are unreachable under static routing by construction.
========================================
  Protocol      : static
  Sensors       : 10
  Traffic level : low (4kbps/sensor)
  Mobility mode : low (1 m/s)
  Seed          : 26
  Tx packets    : 2630
  Rx packets    : 1394
  Packet loss   : 1236
  PDR (%)       : 53.0038
  Throughput    : 22.304 kbps
  Avg delay     : 0.0338188 s
  Avg jitter    : 0.0199056 s
  Routing ovhd  : 0 packets (best-effort)
  Avg hop count : 1.25 (exact)
  Path changes  : 0
  Avg link util : 0.00383249
  Max link util : 0.013993
========================================
