  Note: 2 sensor(s) have no path to the gateway within the assumed static-route range (txRange=90 m) and are unreachable under static routing by construction.
========================================
  Protocol      : static
  Sensors       : 10
  Traffic level : medium (8kbps/sensor)
  Mobility mode : static
  Seed          : 21
  Tx packets    : 5270
  Rx packets    : 3151
  Packet loss   : 2119
  PDR (%)       : 59.7913
  Throughput    : 50.416 kbps
  Avg delay     : 0.041456 s
  Avg jitter    : 0.0153637 s
  Routing ovhd  : 0 packets (best-effort)
  Avg hop count : 1.5 (exact)
  Path changes  : 0
  Avg link util : 0.0115534
  Max link util : 0.0390298
========================================
