  Note: 2 sensor(s) have no path to the gateway within the assumed static-route range (txRange=90 m) and are unreachable under static routing by construction.
========================================
  Protocol      : static
  Sensors       : 10
  Traffic level : medium (8kbps/sensor)
  Mobility mode : medium (5 m/s)
  Seed          : 23
  Tx packets    : 5270
  Rx packets    : 2066
  Packet loss   : 3204
  PDR (%)       : 39.203
  Throughput    : 33.056 kbps
  Avg delay     : 0.0266459 s
  Avg jitter    : 0.0140726 s
  Routing ovhd  : 0 packets (best-effort)
  Avg hop count : 1.125 (exact)
  Path changes  : 0
  Avg link util : 0.00750965
  Max link util : 0.0256973
========================================
