  Note: 2 sensor(s) have no path to the gateway within the assumed static-route range (txRange=90 m) and are unreachable under static routing by construction.
========================================
  Protocol      : static
  Sensors       : 10
  Traffic level : low (4kbps/sensor)
  Mobility mode : medium (5 m/s)
  Seed          : 22
  Tx packets    : 2630
  Rx packets    : 465
  Packet loss   : 2165
  PDR (%)       : 17.6806
  Throughput    : 7.44 kbps
  Avg delay     : 0.014441 s
  Avg jitter    : 0.00551159 s
  Routing ovhd  : 0 packets (best-effort)
  Avg hop count : 1.625 (exact)
  Path changes  : 0
  Avg link util : 0.00386441
  Max link util : 0.0131635
========================================
