  Note: 3 sensor(s) have no path to the gateway within the assumed static-route range (txRange=90 m) and are unreachable under static routing by construction.
========================================
  Protocol      : static
  Sensors       : 10
  Traffic level : high (16kbps/sensor)
  Mobility mode : static
  Seed          : 30
  Tx packets    : 10540
  Rx packets    : 5103
  Packet loss   : 5437
  PDR (%)       : 48.4156
  Throughput    : 81.648 kbps
  Avg delay     : 0.0235048 s
  Avg jitter    : 0.00767355 s
  Routing ovhd  : 0 packets (best-effort)
  Avg hop count : 1.42857 (exact)
  Path changes  : 0
  Avg link util : 0.0178159
  Max link util : 0.0524083
========================================
