  Note: 1 sensor(s) have no path to the gateway within the assumed static-route range (txRange=90 m) and are unreachable under static routing by construction.
========================================
  Protocol      : static
  Sensors       : 20
  Traffic level : low (4kbps/sensor)
  Mobility mode : static
  Seed          : 21
  Tx packets    : 5260
  Rx packets    : 2265
  Packet loss   : 2995
  PDR (%)       : 43.0608
  Throughput    : 36.24 kbps
  Avg delay     : 0.0565913 s
  Avg jitter    : 0.0261162 s
  Routing ovhd  : 0 packets (best-effort)
  Avg hop count : 1.47368 (exact)
  Path changes  : 0
  Avg link util : 0.00433378
  Max link util : 0.0160205
========================================
