  Note: 1 sensor(s) have no path to the gateway within the assumed static-route range (txRange=90 m) and are unreachable under static routing by construction.
========================================
  Protocol      : static
  Sensors       : 20
  Traffic level : high (16kbps/sensor)
  Mobility mode : static
  Seed          : 24
  Tx packets    : 21080
  Rx packets    : 9776
  Packet loss   : 11304
  PDR (%)       : 46.3757
  Throughput    : 156.416 kbps
  Avg delay     : 0.0425768 s
  Avg jitter    : 0.0175766 s
  Routing ovhd  : 0 packets (best-effort)
  Avg hop count : 1.42105 (exact)
  Path changes  : 0
  Avg link util : 0.0182893
  Max link util : 0.108303
========================================
