  Note: 2 sensor(s) have no path to the gateway within the assumed static-route range (txRange=90 m) and are unreachable under static routing by construction.
========================================
  Protocol      : static
  Sensors       : 10
  Traffic level : low (4kbps/sensor)
  Mobility mode : static
  Seed          : 21
  Tx packets    : 2630
  Rx packets    : 1686
  Packet loss   : 944
  PDR (%)       : 64.1065
  Throughput    : 26.976 kbps
  Avg delay     : 0.0468847 s
  Avg jitter    : 0.0227669 s
  Routing ovhd  : 0 packets (best-effort)
  Avg hop count : 1.5 (exact)
  Path changes  : 0
  Avg link util : 0.00540629
  Max link util : 0.0193075
========================================
