  Note: 3 sensor(s) have no path to the gateway within the assumed static-route range (txRange=90 m) and are unreachable under static routing by construction.
========================================
  Protocol      : static
  Sensors       : 20
  Traffic level : high (16kbps/sensor)
  Mobility mode : static
  Seed          : 26
  Tx packets    : 21080
  Rx packets    : 4162
  Packet loss   : 16918
  PDR (%)       : 19.7438
  Throughput    : 66.592 kbps
  Avg delay     : 0.0199965 s
  Avg jitter    : 0.00707118 s
  Routing ovhd  : 0 packets (best-effort)
  Avg hop count : 1.52941 (exact)
  Path changes  : 0
  Avg link util : 0.0106218
  Max link util : 0.0369408
========================================
