  Note: 8 sensor(s) have no path to the gateway within the assumed static-route range (txRange=90 m) and are unreachable under static routing by construction.
========================================
  Protocol      : static
  Sensors       : 10
  Traffic level : medium (8kbps/sensor)
  Mobility mode : medium (5 m/s)
  Seed          : 20
  Tx packets    : 5270
  Rx packets    : 3155
  Packet loss   : 2115
  PDR (%)       : 59.8672
  Throughput    : 50.48 kbps
  Avg delay     : 0.0370628 s
  Avg jitter    : 0.0190503 s
  Routing ovhd  : 0 packets (best-effort)
  Avg hop count : 1.5 (exact)
  Path changes  : 0
  Avg link util : 0.00947678
  Max link util : 0.0314726
========================================
