  Note: 1 sensor(s) have no path to the gateway within the assumed static-route range (txRange=90 m) and are unreachable under static routing by construction.
========================================
  Protocol      : static
  Sensors       : 10
  Traffic level : medium (8kbps/sensor)
  Mobility mode : low (1 m/s)
  Seed          : 28
  Tx packets    : 5270
  Rx packets    : 1124
  Packet loss   : 4146
  PDR (%)       : 21.3283
  Throughput    : 17.984 kbps
  Avg delay     : 0.0259704 s
  Avg jitter    : 0.0136029 s
  Routing ovhd  : 0 packets (best-effort)
  Avg hop count : 1.55556 (exact)
  Path changes  : 0
  Avg link util : 0.00816096
  Max link util : 0.0305818
========================================
