  Note: 3 sensor(s) have no path to the gateway within the assumed static-route range (txRange=90 m) and are unreachable under static routing by construction.
========================================
  Protocol      : static
  Sensors       : 10
  Traffic level : medium (8kbps/sensor)
  Mobility mode : medium (5 m/s)
  Seed          : 30
  Tx packets    : 5270
  Rx packets    : 2987
  Packet loss   : 2283
  PDR (%)       : 56.6793
  Throughput    : 47.792 kbps
  Avg delay     : 0.046085 s
  Avg jitter    : 0.0231922 s
  Routing ovhd  : 0 packets (best-effort)
  Avg hop count : 1.42857 (exact)
  Path changes  : 0
  Avg link util : 0.0118634
  Max link util : 0.0312422
========================================
