  Note: 3 sensor(s) have no path to the gateway within the assumed static-route range (txRange=90 m) and are unreachable under static routing by construction.
========================================
  Protocol      : static
  Sensors       : 10
  Traffic level : medium (8kbps/sensor)
  Mobility mode : static
  Seed          : 30
  Tx packets    : 5270
  Rx packets    : 2465
  Packet loss   : 2805
  PDR (%)       : 46.7742
  Throughput    : 39.44 kbps
  Avg delay     : 0.0261671 s
  Avg jitter    : 0.009738 s
  Routing ovhd  : 0 packets (best-effort)
  Avg hop count : 1.42857 (exact)
  Path changes  : 0
  Avg link util : 0.00790845
  Max link util : 0.0260045
========================================
