  Note: 2 sensor(s) have no path to the gateway within the assumed static-route range (txRange=90 m) and are unreachable under static routing by construction.
========================================
  Protocol      : static
  Sensors       : 10
  Traffic level : high (16kbps/sensor)
  Mobility mode : low (1 m/s)
  Seed          : 22
  Tx packets    : 10540
  Rx packets    : 3076
  Packet loss   : 7464
  PDR (%)       : 29.1841
  Throughput    : 49.216 kbps
  Avg delay     : 0.0268561 s
  Avg jitter    : 0.0101405 s
  Routing ovhd  : 0 packets (best-effort)
  Avg hop count : 1.625 (exact)
  Path changes  : 0
  Avg link util : 0.0122929
  Max link util : 0.0755712
========================================
