  Note: 3 sensor(s) have no path to the gateway within the assumed static-route range (txRange=90 m) and are unreachable under static routing by construction.
========================================
  Protocol      : static
  Sensors       : 20
  Traffic level : low (4kbps/sensor)
  Mobility mode : static
  Seed          : 26
  Tx packets    : 5260
  Rx packets    : 2093
  Packet loss   : 3167
  PDR (%)       : 39.7909
  Throughput    : 33.488 kbps
  Avg delay     : 0.049404 s
  Avg jitter    : 0.0242237 s
  Routing ovhd  : 0 packets (best-effort)
  Avg hop count : 1.52941 (exact)
  Path changes  : 0
  Avg link util : 0.00375626
  Max link util : 0.0130253
========================================
