  Note: 2 sensor(s) have no path to the gateway within the assumed static-route range (txRange=90 m) and are unreachable under static routing by construction.
========================================
  Protocol      : static
  Sensors       : 20
  Traffic level : high (16kbps/sensor)
  Mobility mode : medium (5 m/s)
  Seed          : 30
  Tx packets    : 21080
  Rx packets    : 3907
  Packet loss   : 17173
  PDR (%)       : 18.5342
  Throughput    : 62.512 kbps
  Avg delay     : 0.0437072 s
  Avg jitter    : 0.0206552 s
  Routing ovhd  : 0 packets (best-effort)
  Avg hop count : 1.88889 (exact)
  Path changes  : 0
  Avg link util : 0.0163948
  Max link util : 0.0689818
========================================
