  Note: 2 sensor(s) have no path to the gateway within the assumed static-route range (txRange=90 m) and are unreachable under static routing by construction.
========================================
  Protocol      : static
  Sensors       : 10
  Traffic level : high (16kbps/sensor)
  Mobility mode : medium (5 m/s)
  Seed          : 23
  Tx packets    : 10540
  Rx packets    : 4450
  Packet loss   : 6090
  PDR (%)       : 42.2201
  Throughput    : 71.2 kbps
  Avg delay     : 0.0263776 s
  Avg jitter    : 0.0128038 s
  Routing ovhd  : 0 packets (best-effort)
  Avg hop count : 1.125 (exact)
  Path changes  : 0
  Avg link util : 0.0170944
  Max link util : 0.0513638
========================================
