  Note: 3 sensor(s) have no path to the gateway within the assumed static-route range (txRange=90 m) and are unreachable under static routing by construction.
========================================
  Protocol      : static
  Sensors       : 10
  Traffic level : medium (8kbps/sensor)
  Mobility mode : medium (5 m/s)
  Seed          : 29
  Tx packets    : 5270
  Rx packets    : 2674
  Packet loss   : 2596
  PDR (%)       : 50.74
  Throughput    : 42.784 kbps
  Avg delay     : 0.0329 s
  Avg jitter    : 0.0161133 s
  Routing ovhd  : 0 packets (best-effort)
  Avg hop count : 1.42857 (exact)
  Path changes  : 0
  Avg link util : 0.00912282
  Max link util : 0.0270643
========================================
