  Note: 1 sensor(s) have no path to the gateway within the assumed static-route range (txRange=90 m) and are unreachable under static routing by construction.
========================================
  Protocol      : static
  Sensors       : 20
  Traffic level : high (16kbps/sensor)
  Mobility mode : low (1 m/s)
  Seed          : 24
  Tx packets    : 21080
  Rx packets    : 5485
  Packet loss   : 15595
  PDR (%)       : 26.0199
  Throughput    : 87.76 kbps
  Avg delay     : 0.0390156 s
  Avg jitter    : 0.0183386 s
  Routing ovhd  : 0 packets (best-effort)
  Avg hop count : 1.42105 (exact)
  Path changes  : 0
  Avg link util : 0.0156974
  Max link util : 0.0787507
========================================
