  Note: 1 sensor(s) have no path to the gateway within the assumed static-route range (txRange=90 m) and are unreachable under static routing by construction.
========================================
  Protocol      : static
  Sensors       : 10
  Traffic level : high (16kbps/sensor)
  Mobility mode : static
  Seed          : 28
  Tx packets    : 10540
  Rx packets    : 6261
  Packet loss   : 4279
  PDR (%)       : 59.4023
  Throughput    : 100.176 kbps
  Avg delay     : 0.0461202 s
  Avg jitter    : 0.0204169 s
  Routing ovhd  : 0 packets (best-effort)
  Avg hop count : 1.55556 (exact)
  Path changes  : 0
  Avg link util : 0.0180493
  Max link util : 0.098089
========================================
