  Note: 3 sensor(s) have no path to the gateway within the assumed static-route range (txRange=90 m) and are unreachable under static routing by construction.
========================================
  Protocol      : static
  Sensors       : 10
  Traffic level : high (16kbps/sensor)
  Mobility mode : static
  Seed          : 29
  Tx packets    : 10540
  Rx packets    : 4229
  Packet loss   : 6311
  PDR (%)       : 40.1233
  Throughput    : 67.664 kbps
  Avg delay     : 0.0222744 s
  Avg jitter    : 0.00677588 s
  Routing ovhd  : 0 packets (best-effort)
  Avg hop count : 1.42857 (exact)
  Path changes  : 0
  Avg link util : 0.0153644
  Max link util : 0.0457574
========================================
