  Note: 2 sensor(s) have no path to the gateway within the assumed static-route range (txRange=90 m) and are unreachable under static routing by construction.
========================================
  Protocol      : static
  Sensors       : 10
  Traffic level : high (16kbps/sensor)
  Mobility mode : low (1 m/s)
  Seed          : 23
  Tx packets    : 10540
  Rx packets    : 7091
  Packet loss   : 3449
  PDR (%)       : 67.277
  Throughput    : 113.456 kbps
  Avg delay     : 0.0329993 s
  Avg jitter    : 0.0141821 s
  Routing ovhd  : 0 packets (best-effort)
  Avg hop count : 1.125 (exact)
  Path changes  : 0
  Avg link util : 0.0172517
  Max link util : 0.0578611
========================================
