  Note: 2 sensor(s) have no path to the gateway within the assumed static-route range (txRange=90 m) and are unreachable under static routing by construction.
========================================
  Protocol      : static
  Sensors       : 10
  Traffic level : low (4kbps/sensor)
  Mobility mode : medium (5 m/s)
  Seed          : 23
  Tx packets    : 2630
  Rx packets    : 1126
  Packet loss   : 1504
  PDR (%)       : 42.8137
  Throughput    : 18.016 kbps
  Avg delay     : 0.0309474 s
  Avg jitter    : 0.0213592 s
  Routing ovhd  : 0 packets (best-effort)
  Avg hop count : 1.125 (exact)
  Path changes  : 0
  Avg link util : 0.00386283
  Max link util : 0.0128717
========================================
