  Note: 8 sensor(s) have no path to the gateway within the assumed static-route range (txRange=90 m) and are unreachable under static routing by construction.
========================================
  Protocol      : static
  Sensors       : 10
  Traffic level : low (4kbps/sensor)
  Mobility mode : low (1 m/s)
  Seed          : 20
  Tx packets    : 2630
  Rx packets    : 1680
  Packet loss   : 950
  PDR (%)       : 63.8783
  Throughput    : 26.88 kbps
  Avg delay     : 0.040322 s
  Avg jitter    : 0.0240105 s
  Routing ovhd  : 0 packets (best-effort)
  Avg hop count : 1.5 (exact)
  Path changes  : 0
  Avg link util : 0.00432631
  Max link util : 0.0150528
========================================
