  Note: 2 sensor(s) have no path to the gateway within the assumed static-route range (txRange=90 m) and are unreachable under static routing by construction.
========================================
  Protocol      : static
  Sensors       : 10
  Traffic level : medium (8kbps/sensor)
  Mobility mode : medium (5 m/s)
  Seed          : 21
  Tx packets    : 5270
  Rx packets    : 2366
  Packet loss   : 2904
  PDR (%)       : 44.8956
  Throughput    : 37.856 kbps
  Avg delay     : 0.0334728 s
  Avg jitter    : 0.017577 s
  Routing ovhd  : 0 packets (best-effort)
  Avg hop count : 1.5 (exact)
  Path changes  : 0
  Avg link util : 0.00939624
  Max link util : 0.0312269
========================================
