  Note: 1 sensor(s) have no path to the gateway within the assumed static-route range (txRange=90 m) and are unreachable under static routing by construction.
========================================
  Protocol      : static
  Sensors       : 10
  Traffic level : low (4kbps/sensor)
  Mobility mode : medium (5 m/s)
  Seed          : 28
  Tx packets    : 2630
  Rx packets    : 1144
  Packet loss   : 1486
  PDR (%)       : 43.4981
  Throughput    : 18.304 kbps
  Avg delay     : 0.0415612 s
  Avg jitter    : 0.0308586 s
  Routing ovhd  : 0 packets (best-effort)
  Avg hop count : 1.55556 (exact)
  Path changes  : 0
  Avg link util : 0.00472499
  Max link util : 0.01344
========================================
