  Note: 1 sensor(s) have no path to the gateway within the assumed static-route range (txRange=90 m) and are unreachable under static routing by construction.
========================================
  Protocol      : static
  Sensors       : 10
  Traffic level : low (4kbps/sensor)
  Mobility mode : static
  Seed          : 28
  Tx packets    : 2630
  Rx packets    : 1108
  Packet loss   : 1522
  PDR (%)       : 42.1293
  Throughput    : 17.728 kbps
  Avg delay     : 0.0288997 s
  Avg jitter    : 0.0199164 s
  Routing ovhd  : 0 packets (best-effort)
  Avg hop count : 1.55556 (exact)
  Path changes  : 0
  Avg link util : 0.00355608
  Max link util : 0.0154061
========================================
