  Note: 3 sensor(s) have no path to the gateway within the assumed static-route range (txRange=90 m) and are unreachable under static routing by construction.
========================================
  Protocol      : static
  Sensors       : 10
  Traffic level : low (4kbps/sensor)
  Mobility mode : static
  Seed          : 30
  Tx packets    : 2630
  Rx packets    : 1229
  Packet loss   : 1401
  PDR (%)       : 46.73
  Throughput    : 19.664 kbps
  Avg delay     : 0.0254897 s
  Avg jitter    : 0.0096486 s
  Routing ovhd  : 0 packets (best-effort)
  Avg hop count : 1.42857 (exact)
  Path changes  : 0
  Avg link util : 0.0038862
  Max link util : 0.0129485
========================================
