  Note: 1 sensor(s) have no path to the gateway within the assumed static-route range (txRange=90 m) and are unreachable under static routing by construction.
========================================
  Protocol      : static
  Sensors       : 10
  Traffic level : high (16kbps/sensor)
  Mobility mode : low (1 m/s)
  Seed          : 24
  Tx packets    : 10540
  Rx packets    : 3412
  Packet loss   : 7128
  PDR (%)       : 32.3719
  Throughput    : 54.592 kbps
  Avg delay     : 0.030833 s
  Avg jitter    : 0.0130606 s
  Routing ovhd  : 0 packets (best-effort)
  Avg hop count : 1.44444 (exact)
  Path changes  : 0
  Avg link util : 0.0190135
  Max link util : 0.0563558
========================================
