  Note: 3 sensor(s) have no path to the gateway within the assumed static-route range (txRange=90 m) and are unreachable under static routing by construction.
========================================
  Protocol      : static
  Sensors       : 10
  Traffic level : low (4kbps/sensor)
  Mobility mode : medium (5 m/s)
  Seed          : 29
  Tx packets    : 2630
  Rx packets    : 1299
  Packet loss   : 1331
  PDR (%)       : 49.3916
  Throughput    : 20.784 kbps
  Avg delay     : 0.0345304 s
  Avg jitter    : 0.0194241 s
  Routing ovhd  : 0 packets (best-effort)
  Avg hop count : 1.42857 (exact)
  Path changes  : 0
  Avg link util : 0.00437188
  Max link util : 0.0135014
========================================
