  Note: 1 sensor(s) have no path to the gateway within the assumed static-route range (txRange=90 m) and are unreachable under static routing by construction.
========================================
  Protocol      : static
  Sensors       : 20
  Traffic level : high (16kbps/sensor)
  Mobility mode : low (1 m/s)
  Seed          : 21
  Tx packets    : 21080
  Rx packets    : 5737
  Packet loss   : 15343
  PDR (%)       : 27.2154
  Throughput    : 91.792 kbps
  Avg delay     : 0.0390529 s
  Avg jitter    : 0.0187865 s
  Routing ovhd  : 0 packets (best-effort)
  Avg hop count : 1.47368 (exact)
  Path changes  : 0
  Avg link util : 0.0161223
  Max link util : 0.0584602
========================================
