  Note: 3 sensor(s) have no path to the gateway within the assumed static-route range (txRange=90 m) and are unreachable under static routing by construction.
========================================
  Protocol      : static
  Sensors       : 10
  Traffic level : low (4kbps/sensor)
  Mobility mode : static
  Seed          : 27
  Tx packets    : 2630
  Rx packets    : 1221
  Packet loss   : 1409
  PDR (%)       : 46.4259
  Throughput    : 19.536 kbps
  Avg delay     : 0.0286874 s
  Avg jitter    : 0.0126173 s
  Routing ovhd  : 0 packets (best-effort)
  Avg hop count : 1.57143 (exact)
  Path changes  : 0
  Avg link util : 0.00354048
  Max link util : 0.0115507
========================================
