  Note: 8 sensor(s) have no path to the gateway within the assumed static-route range (txRange=90 m) and are unreachable under static routing by construction.
========================================
  Protocol      : static
  Sensors       : 10
  Traffic level : low (4kbps/sensor)
  Mobility mode : static
  Seed          : 20
  Tx packets    : 2630
  Rx packets    : 789
  Packet loss   : 1841
  PDR (%)       : 30
  Throughput    : 12.624 kbps
  Avg delay     : 0.0222101 s
  Avg jitter    : 0.0180412 s
  Routing ovhd  : 0 packets (best-effort)
  Avg hop count : 1.5 (exact)
  Path changes  : 0
  Avg link util : 0.00483186
  Max link util : 0.0126106
========================================
