  Note: 3 sensor(s) have no path to the gateway within the assumed static-route range (txRange=90 m) and are unreachable under static routing by construction.
========================================
  Protocol      : static
  Sensors       : 10
  Traffic level : low (4kbps/sensor)
  Mobility mode : low (1 m/s)
  Seed          : 30
  Tx packets    : 2630
  Rx packets    : 1402
  Packet loss   : 1228
  PDR (%)       : 53.308
  Throughput    : 22.432 kbps
  Avg delay     : 0.0292627 s
  Avg jitter    : 0.0142115 s
  Routing ovhd  : 0 packets (best-effort)
  Avg hop count : 1.42857 (exact)
  Path changes  : 0
  Avg link util : 0.00356352
  Max link util : 0.0114893
========================================
