  Note: 6 sensor(s) have no path to the gateway within the assumed static-route range (txRange=90 m) and are unreachable under static routing by construction.
========================================
  Protocol      : static
  Sensors       : 10
  Traffic level : high (16kbps/sensor)
  Mobility mode : medium (5 m/s)
  Seed          : 26
  Tx packets    : 10540
  Rx packets    : 5131
  Packet loss   : 5409
  PDR (%)       : 48.6812
  Throughput    : 82.096 kbps
  Avg delay     : 0.0314344 s
  Avg jitter    : 0.0164582 s
  Routing ovhd  : 0 packets (best-effort)
  Avg hop count : 1.25 (exact)
  Path changes  : 0
  Avg link util : 0.02069
  Max link util : 0.0648806
========================================
