  Note: 3 sensor(s) have no path to the gateway within the assumed static-route range (txRange=90 m) and are unreachable under static routing by construction.
========================================
  Protocol      : static
  Sensors       : 10
  Traffic level : medium (8kbps/sensor)
  Mobility mode : static
  Seed          : 27
  Tx packets    : 5270
  Rx packets    : 2962
  Packet loss   : 2308
  PDR (%)       : 56.2049
  Throughput    : 47.392 kbps
  Avg delay     : 0.0367029 s
  Avg jitter    : 0.0136079 s
  Routing ovhd  : 0 packets (best-effort)
  Avg hop count : 1.57143 (exact)
  Path changes  : 0
  Avg link util : 0.00789643
  Max link util : 0.0313805
========================================
