  Note: 1 sensor(s) have no path to the gateway within the assumed static-route range (txRange=90 m) and are unreachable under static routing by construction.
========================================
  Protocol      : static
  Sensors       : 20
  Traffic level : medium (8kbps/sensor)
  Mobility mode : static
  Seed          : 21
  Tx packets    : 10540
  Rx packets    : 4959
  Packet loss   : 5581
  PDR (%)       : 47.0493
  Throughput    : 79.344 kbps
  Avg delay     : 0.0627004 s
  Avg jitter    : 0.029732 s
  Routing ovhd  : 0 packets (best-effort)
  Avg hop count : 1.47368 (exact)
  Path changes  : 0
  Avg link util : 0.00807837
  Max link util : 0.0304589
========================================
