  Note: 3 sensor(s) have no path to the gateway within the assumed static-route range (txRange=90 m) and are unreachable under static routing by construction.
========================================
  Protocol      : static
  Sensors       : 10
  Traffic level : high (16kbps/sensor)
  Mobility mode : medium (5 m/s)
  Seed          : 30
  Tx packets    : 10540
  Rx packets    : 6802
  Packet loss   : 3738
  PDR (%)       : 64.5351
  Throughput    : 108.832 kbps
  Avg delay     : 0.0493646 s
  Avg jitter    : 0.023851 s
  Routing ovhd  : 0 packets (best-effort)
  Avg hop count : 1.42857 (exact)
  Path changes  : 0
  Avg link util : 0.026818
  Max link util : 0.0867686
========================================
