  Note: 3 sensor(s) have no path to the gateway within the assumed static-route range (txRange=90 m) and are unreachable under static routing by construction.
========================================
  Protocol      : static
  Sensors       : 10
  Traffic level : medium (8kbps/sensor)
  Mobility mode : low (1 m/s)
  Seed          : 27
  Tx packets    : 5270
  Rx packets    : 2110
  Packet loss   : 3160
  PDR (%)       : 40.038
  Throughput    : 33.76 kbps
  Avg delay     : 0.0282284 s
  Avg jitter    : 0.0123818 s
  Routing ovhd  : 0 packets (best-effort)
  Avg hop count : 1.57143 (exact)
  Path changes  : 0
  Avg link util : 0.00692128
  Max link util : 0.0231936
========================================
