  Note: 1 sensor(s) have no path to the gateway within the assumed static-route range (txRange=90 m) and are unreachable under static routing by construction.
========================================
  Protocol      : static
  Sensors       : 30
  Traffic level : medium (8kbps/sensor)
  Mobility mode : medium (5 m/s)
  Seed          : 28
  Tx packets    : 15810
  Rx packets    : 3704
  Packet loss   : 12106
  PDR (%)       : 23.4282
  Throughput    : 59.264 kbps
  Avg delay     : 0.0668948 s
  Avg jitter    : 0.0342737 s
  Routing ovhd  : 0 packets (best-effort)
  Avg hop count : 1.55172 (exact)
  Path changes  : 0
  Avg link util : 0.00851852
  Max link util : 0.0283085
========================================
