  Note: 3 sensor(s) have no path to the gateway within the assumed static-route range (txRange=90 m) and are unreachable under static routing by construction.
========================================
  Protocol      : static
  Sensors       : 10
  Traffic level : high (16kbps/sensor)
  Mobility mode : low (1 m/s)
  Seed          : 27
  Tx packets    : 10540
  Rx packets    : 5958
  Packet loss   : 4582
  PDR (%)       : 56.5275
  Throughput    : 95.328 kbps
  Avg delay     : 0.0377709 s
  Avg jitter    : 0.01725 s
  Routing ovhd  : 0 packets (best-effort)
  Avg hop count : 1.57143 (exact)
  Path changes  : 0
  Avg link util : 0.0192858
  Max link util : 0.0580147
========================================
