  Note: 1 sensor(s) have no path to the gateway within the assumed static-route range (txRange=90 m) and are unreachable under static routing by construction.
========================================
  Protocol      : static
  Sensors       : 30
  Traffic level : high (16kbps/sensor)
  Mobility mode : static
  Seed          : 28
  Tx packets    : 31620
  Rx packets    : 10908
  Packet loss   : 20712
  PDR (%)       : 34.4972
  Throughput    : 174.528 kbps
  Avg delay     : 0.0792329 s
  Avg jitter    : 0.0302048 s
  Routing ovhd  : 0 packets (best-effort)
  Avg hop count : 1.55172 (exact)
  Path changes  : 0
  Avg link util : 0.0161167
  Max link util : 0.0679526
========================================
