  Note: 6 sensor(s) have no path to the gateway within the assumed static-route range (txRange=90 m) and are unreachable under static routing by construction.
========================================
  Protocol      : static
  Sensors       : 10
  Traffic level : medium (8kbps/sensor)
  Mobility mode : low (1 m/s)
  Seed          : 26
  Tx packets    : 5270
  Rx packets    : 2788
  Packet loss   : 2482
  PDR (%)       : 52.9032
  Throughput    : 44.608 kbps
  Avg delay     : 0.036341 s
  Avg jitter    : 0.0201017 s
  Routing ovhd  : 0 packets (best-effort)
  Avg hop count : 1.25 (exact)
  Path changes  : 0
  Avg link util : 0.00774468
  Max link util : 0.0283853
========================================
