  Note: 2 sensor(s) have no path to the gateway within the assumed static-route range (txRange=90 m) and are unreachable under static routing by construction.
========================================
  Protocol      : static
  Sensors       : 10
  Traffic level : medium (8kbps/sensor)
  Mobility mode : medium (5 m/s)
  Seed          : 22
  Tx packets    : 5270
  Rx packets    : 1191
  Packet loss   : 4079
  PDR (%)       : 22.5996
  Throughput    : 19.056 kbps
  Avg delay     : 0.0182786 s
  Avg jitter    : 0.00861584 s
  Routing ovhd  : 0 packets (best-effort)
  Avg hop count : 1.625 (exact)
  Path changes  : 0
  Avg link util : 0.00818076
  Max link util : 0.0270643
========================================
