  Note: 1 sensor(s) have no path to the gateway within the assumed static-route range (txRange=90 m) and are unreachable under static routing by construction.
========================================
  Protocol      : static
  Sensors       : 10
  Traffic level : medium (8kbps/sensor)
  Mobility mode : medium (5 m/s)
  Seed          : 24
  Tx packets    : 5270
  Rx packets    : 1739
  Packet loss   : 3531
  PDR (%)       : 32.9981
  Throughput    : 27.824 kbps
  Avg delay     : 0.0277093 s
  Avg jitter    : 0.0127982 s
  Routing ovhd  : 0 packets (best-effort)
  Avg hop count : 1.44444 (exact)
  Path changes  : 0
  Avg link util : 0.00743279
  Max link util : 0.0198298
========================================
