  Note: 1 sensor(s) have no path to the gateway within the assumed static-route range (txRange=90 m) and are unreachable under static routing by construction.
========================================
  Protocol      : static
  Sensors       : 10
  Traffic level : high (16kbps/sensor)
  Mobility mode : medium (5 m/s)
  Seed          : 24
  Tx packets    : 10540
  Rx packets    : 2783
  Packet loss   : 7757
  PDR (%)       : 26.4042
  Throughput    : 44.528 kbps
  Avg delay     : 0.024574 s
  Avg jitter    : 0.0114006 s
  Routing ovhd  : 0 packets (best-effort)
  Avg hop count : 1.44444 (exact)
  Path changes  : 0
  Avg link util : 0.0133391
  Max link util : 0.0398899
========================================
