  Note: 2 sensor(s) have no path to the gateway within the assumed static-route range (txRange=90 m) and are unreachable under static routing by construction.
========================================
  Protocol      : static
  Sensors       : 20
  Traffic level : low (4kbps/sensor)
  Mobility mode : low (1 m/s)
  Seed          : 30
  Tx packets    : 5260
  Rx packets    : 1302
  Packet loss   : 3958
  PDR (%)       : 24.7529
  Throughput    : 20.832 kbps
  Avg delay     : 0.0462317 s
  Avg jitter    : 0.0191651 s
  Routing ovhd  : 0 packets (best-effort)
  Avg hop count : 1.88889 (exact)
  Path changes  : 0
  Avg link util : 0.00470352
  Max link util : 0.0308429
========================================
