  Note: 8 sensor(s) have no path to the gateway within the assumed static-route range (txRange=90 m) and are unreachable under static routing by construction.
========================================
  Protocol      : static
  Sensors       : 10
  Traffic level : high (16kbps/sensor)
  Mobility mode : static
  Seed          : 20
  Tx packets    : 10540
  Rx packets    : 3150
  Packet loss   : 7390
  PDR (%)       : 29.8861
  Throughput    : 50.4 kbps
  Avg delay     : 0.0172805 s
  Avg jitter    : 0.00687948 s
  Routing ovhd  : 0 packets (best-effort)
  Avg hop count : 1.5 (exact)
  Path changes  : 0
  Avg link util : 0.0193599
  Max link util : 0.0506419
========================================
