  Note: 6 sensor(s) have no path to the gateway within the assumed static-route range (txRange=90 m) and are unreachable under static routing by construction.
========================================
  Protocol      : static
  Sensors       : 10
  Traffic level : low (4kbps/sensor)
  Mobility mode : medium (5 m/s)
  Seed          : 26
  Tx packets    : 2630
  Rx packets    : 1017
  Packet loss   : 1613
  PDR (%)       : 38.6692
  Throughput    : 16.272 kbps
  Avg delay     : 0.0300723 s
  Avg jitter    : 0.0187341 s
  Routing ovhd  : 0 packets (best-effort)
  Avg hop count : 1.25 (exact)
  Path changes  : 0
  Avg link util : 0.00388939
  Max link util : 0.0114739
========================================
