  Note: 1 sensor(s) have no path to the gateway within the assumed static-route range (txRange=90 m) and are unreachable under static routing by construction.
========================================
  Protocol      : static
  Sensors       : 30
  Traffic level : high (16kbps/sensor)
  Mobility mode : medium (5 m/s)
  Seed          : 28
  Tx packets    : 31620
  Rx packets    : 7113
  Packet loss   : 24507
  PDR (%)       : 22.4953
  Throughput    : 113.808 kbps
  Avg delay     : 0.0728987 s
  Avg jitter    : 0.0373396 s
  Routing ovhd  : 0 packets (best-effort)
  Avg hop count : 1.55172 (exact)
  Path changes  : 0
  Avg link util : 0.018032
  Max link util : 0.0636365
========================================
