  Note: 1 sensor(s) have no path to the gateway within the assumed static-route range (txRange=90 m) and are unreachable under static routing by construction.
========================================
  Protocol      : static
  Sensors       : 20
  Traffic level : low (4kbps/sensor)
  Mobility mode : low (1 m/s)
  Seed          : 21
  Tx packets    : 5260
  Rx packets    : 1523
  Packet loss   : 3737
  PDR (%)       : 28.9544
  Throughput    : 24.368 kbps
  Avg delay     : 0.055022 s
  Avg jitter    : 0.0294595 s
  Routing ovhd  : 0 packets (best-effort)
  Avg hop count : 1.47368 (exact)
  Path changes  : 0
  Avg link util : 0.00428032
  Max link util : 0.0160512
========================================
