  Note: 1 sensor(s) have no path to the gateway within the assumed static-route range (txRange=90 m) and are unreachable under static routing by construction.
========================================
  Protocol      : static
  Sensors       : 10
  Traffic level : low (4kbps/sensor)
  Mobility mode : static
  Seed          : 24
  Tx packets    : 2630
  Rx packets    : 1946
  Packet loss   : 684
  PDR (%)       : 73.9924
  Throughput    : 31.136 kbps
  Avg delay     : 0.0390682 s
  Avg jitter    : 0.0218888 s
  Routing ovhd  : 0 packets (best-effort)
  Avg hop count : 1.44444 (exact)
  Path changes  : 0
  Avg link util : 0.0047616
  Max link util : 0.019031
========================================
