  Note: 1 sensor(s) have no path to the gateway within the assumed static-route range (txRange=90 m) and are unreachable under static routing by construction.
========================================
  Protocol      : static
  Sensors       : 20
  Traffic level : high (16kbps/sensor)
  Mobility mode : static
  Seed          : 21
  Tx packets    : 21080
  Rx packets    : 10272
  Packet loss   : 10808
  PDR (%)       : 48.7287
  Throughput    : 164.352 kbps
  Avg delay     : 0.0650143 s
  Avg jitter    : 0.0299123 s
  Routing ovhd  : 0 packets (best-effort)
  Avg hop count : 1.47368 (exact)
  Path changes  : 0
  Avg link util : 0.019654
  Max link util : 0.0843264
========================================
