  Note: 8 sensor(s) have no path to the gateway within the assumed static-route range (txRange=90 m) and are unreachable under static routing by construction.
========================================
  Protocol      : static
  Sensors       : 10
  Traffic level : low (4kbps/sensor)
  Mobility mode : medium (5 m/s)
  Seed          : 20
  Tx packets    : 2630
  Rx packets    : 1499
  Packet loss   : 1131
  PDR (%)       : 56.9962
  Throughput    : 23.984 kbps
  Avg delay     : 0.0381734 s
  Avg jitter    : 0.0225064 s
  Routing ovhd  : 0 packets (best-effort)
  Avg hop count : 1.5 (exact)
  Path changes  : 0
  Avg link util : 0.00439177
  Max link util : 0.0156058
========================================
