  Note: 1 sensor(s) have no path to the gateway within the assumed static-route range (txRange=90 m) and are unreachable under static routing by construction.
========================================
  Protocol      : static
  Sensors       : 10
  Traffic level : low (4kbps/sensor)
  Mobility mode : low (1 m/s)
  Seed          : 24
  Tx packets    : 2630
  Rx packets    : 797
  Packet loss   : 1833
  PDR (%)       : 30.3042
  Throughput    : 12.752 kbps
  Avg delay     : 0.0310092 s
  Avg jitter    : 0.0137781 s
  Routing ovhd  : 0 packets (best-effort)
  Avg hop count : 1.44444 (exact)
  Path changes  : 0
  Avg link util : 0.00380405
  Max link util : 0.011305
========================================
