  Note: 3 sensor(s) have no path to the gateway within the assumed static-route range (txRange=90 m) and are unreachable under static routing by construction.
========================================
  Protocol      : static
  Sensors       : 10
  Traffic level : high (16kbps/sensor)
  Mobility mode : low (1 m/s)
  Seed          : 30
  Tx packets    : 10540
  Rx packets    : 5876
  Packet loss   : 4664
  PDR (%)       : 55.7495
  Throughput    : 94.016 kbps
  Avg delay     : 0.0290391 s
  Avg jitter    : 0.0137279 s
  Routing ovhd  : 0 packets (best-effort)
  Avg hop count : 1.42857 (exact)
  Path changes  : 0
  Avg link util : 0.0145514
  Max link util : 0.0436224
========================================
