  Note: 1 sensor(s) have no path to the gateway within the assumed static-route range (txRange=90 m) and are unreachable under static routing by construction.
========================================
  Protocol      : static
  Sensors       : 10
  Traffic level : low (4kbps/sensor)
  Mobility mode : medium (5 m/s)
  Seed          : 24
  Tx packets    : 2630
  Rx packets    : 831
  Packet loss   : 1799
  PDR (%)       : 31.597
  Throughput    : 13.296 kbps
  Avg delay     : 0.0267946 s
  Avg jitter    : 0.0125787 s
  Routing ovhd  : 0 packets (best-effort)
  Avg hop count : 1.44444 (exact)
  Path changes  : 0
  Avg link util : 0.00358357
  Max link util : 0.00984576
========================================
