  Note: 2 sensor(s) have no path to the gateway within the assumed static-route range (txRange=90 m) and are unreachable under static routing by construction.
========================================
  Protocol      : static
  Sensors       : 10
  Traffic level : low (4kbps/sensor)
  Mobility mode : low (1 m/s)
  Seed          : 23
  Tx packets    : 2630
  Rx packets    : 1796
  Packet loss   : 834
  PDR (%)       : 68.289
  Throughput    : 28.736 kbps
  Avg delay     : 0.033106 s
  Avg jitter    : 0.0159661 s
  Routing ovhd  : 0 packets (best-effort)
  Avg hop count : 1.125 (exact)
  Path changes  : 0
  Avg link util : 0.00431718
  Max link util : 0.0146534
========================================
