  Note: 1 sensor(s) have no path to the gateway within the assumed static-route range (txRange=90 m) and are unreachable under static routing by construction.
========================================
  Protocol      : static
  Sensors       : 10
  Traffic level : medium (8kbps/sensor)
  Mobility mode : static
  Seed          : 28
  Tx packets    : 5270
  Rx packets    : 2572
  Packet loss   : 2698
  PDR (%)       : 48.8046
  Throughput    : 41.152 kbps
  Avg delay     : 0.0338671 s
  Avg jitter    : 0.0170708 s
  Routing ovhd  : 0 packets (best-effort)
  Avg hop count : 1.55556 (exact)
  Path changes  : 0
  Avg link util : 0.00782848
  Max link util : 0.0356045
========================================
