  Note: 3 sensor(s) have no path to the gateway within the assumed static-route range (txRange=90 m) and are unreachable under static routing by construction.
========================================
  Protocol      : static
  Sensors       : 10
  Traffic level : low (4kbps/sensor)
  Mobility mode : medium (5 m/s)
  Seed          : 27
  Tx packets    : 2630
  Rx packets    : 557
  Packet loss   : 2073
  PDR (%)       : 21.1787
  Throughput    : 8.912 kbps
  Avg delay     : 0.0269526 s
  Avg jitter    : 0.01667 s
  Routing ovhd  : 0 packets (best-effort)
  Avg hop count : 1.57143 (exact)
  Path changes  : 0
  Avg link util : 0.00340578
  Max link util : 0.00827904
========================================
