  Note: 2 sensor(s) have no path to the gateway within the assumed static-route range (txRange=90 m) and are unreachable under static routing by construction.
========================================
  Protocol      : static
  Sensors       : 10
  Traffic level : high (16kbps/sensor)
  Mobility mode : static
  Seed          : 21
  Tx packets    : 10540
  Rx packets    : 6745
  Packet loss   : 3795
  PDR (%)       : 63.9943
  Throughput    : 107.92 kbps
  Avg delay     : 0.0449207 s
  Avg jitter    : 0.0168673 s
  Routing ovhd  : 0 packets (best-effort)
  Avg hop count : 1.5 (exact)
  Path changes  : 0
  Avg link util : 0.021968
  Max link util : 0.0779981
========================================
