  Note: 1 sensor(s) have no path to the gateway within the assumed static-route range (txRange=90 m) and are unreachable under static routing by construction.
========================================
  Protocol      : static
  Sensors       : 20
  Traffic level : low (4kbps/sensor)
  Mobility mode : static
  Seed          : 24
  Tx packets    : 5260
  Rx packets    : 3117
  Packet loss   : 2143
  PDR (%)       : 59.2586
  Throughput    : 49.872 kbps
  Avg delay     : 0.062609 s
  Avg jitter    : 0.0308277 s
  Routing ovhd  : 0 packets (best-effort)
  Avg hop count : 1.42105 (exact)
  Path changes  : 0
  Avg link util : 0.00472881
  Max link util : 0.0341299
========================================
