  Note: 6 sensor(s) have no path to the gateway within the assumed static-route range (txRange=90 m) and are unreachable under static routing by construction.
========================================
  Protocol      : static
  Sensors       : 10
  Traffic level : high (16kbps/sensor)
  Mobility mode : low (1 m/s)
  Seed          : 26
  Tx packets    : 10540
  Rx packets    : 5587
  Packet loss   : 4953
  PDR (%)       : 53.0076
  Throughput    : 89.392 kbps
  Avg delay     : 0.0319439 s
  Avg jitter    : 0.0161738 s
  Routing ovhd  : 0 packets (best-effort)
  Avg hop count : 1.25 (exact)
  Path changes  : 0
  Avg link util : 0.0154371
  Max link util : 0.0565555
========================================
