  Note: 2 sensor(s) have no path to the gateway within the assumed static-route range (txRange=90 m) and are unreachable under static routing by construction.
========================================
  Protocol      : static
  Sensors       : 10
  Traffic level : medium (8kbps/sensor)
  Mobility mode : low (1 m/s)
  Seed          : 22
  Tx packets    : 5270
  Rx packets    : 1448
  Packet loss   : 3822
  PDR (%)       : 27.4763
  Throughput    : 23.168 kbps
  Avg delay     : 0.0236822 s
  Avg jitter    : 0.00910115 s
  Routing ovhd  : 0 packets (best-effort)
  Avg hop count : 1.625 (exact)
  Path changes  : 0
  Avg link util : 0.0061405
  Max link util : 0.0378317
========================================
