  Note: 2 sensor(s) have no path to the gateway within the assumed static-route range (txRange=90 m) and are unreachable under static routing by construction.
========================================
  Protocol      : static
  Sensors       : 20
  Traffic level : high (16kbps/sensor)
  Mobility mode : static
  Seed          : 30
  Tx packets    : 21080
  Rx packets    : 12041
  Packet loss   : 9039
  PDR (%)       : 57.1205
  Throughput    : 192.656 kbps
  Avg delay     : 0.0647968 s
  Avg jitter    : 0.0239856 s
  Routing ovhd  : 0 packets (best-effort)
  Avg hop count : 1.88889 (exact)
  Path changes  : 0
  Avg link util : 0.0199492
  Max link util : 0.0922982
========================================
