  Note: 1 sensor(s) have no path to the gateway within the assumed static-route range (txRange=90 m) and are unreachable under static routing by construction.
========================================
  Protocol      : static
  Sensors       : 30
  Traffic level : medium (8kbps/sensor)
  Mobility mode : static
  Seed          : 28
  Tx packets    : 15810
  Rx packets    : 5306
  Packet loss   : 10504
  PDR (%)       : 33.561
  Throughput    : 84.896 kbps
  Avg delay     : 0.0886872 s
  Avg jitter    : 0.0371704 s
  Routing ovhd  : 0 packets (best-effort)
  Avg hop count : 1.55172 (exact)
  Path changes  : 0
  Avg link util : 0.00873696
  Max link util : 0.0493056
========================================
