  Note: 2 sensor(s) have no path to the gateway within the assumed static-route range (txRange=90 m) and are unreachable under static routing by construction.
========================================
  Protocol      : static
  Sensors       : 10
  Traffic level : medium (8kbps/sensor)
  Mobility mode : low (1 m/s)
  Seed          : 23
  Tx packets    : 5270
  Rx packets    : 3418
  Packet loss   : 1852
  PDR (%)       : 64.8577
  Throughput    : 54.688 kbps
  Avg delay     : 0.0321992 s
  Avg jitter    : 0.0139852 s
  Routing ovhd  : 0 packets (best-effort)
  Avg hop count : 1.125 (exact)
  Path changes  : 0
  Avg link util : 0.00765995
  Max link util : 0.024791
========================================
