  Note: 2 sensor(s) have no path to the gateway within the assumed static-route range (txRange=90 m) and are unreachable under static routing by construction.
========================================
  Protocol      : static
  Sensors       : 10
  Traffic level : high (16kbps/sensor)
  Mobility mode : medium (5 m/s)
  Seed          : 21
  Tx packets    : 10540
  Rx packets    : 5188
  Packet loss   : 5352
  PDR (%)       : 49.222
  Throughput    : 83.008 kbps
  Avg delay     : 0.0333434 s
  Avg jitter    : 0.0155911 s
  Routing ovhd  : 0 packets (best-effort)
  Avg hop count : 1.5 (exact)
  Path changes  : 0
  Avg link util : 0.0222407
  Max link util : 0.075479
========================================
