  Note: 2 sensor(s) have no path to the gateway within the assumed static-route range (txRange=90 m) and are unreachable under static routing by construction.
========================================
  Protocol      : static
  Sensors       : 10
  Traffic level : low (4kbps/sensor)
  Mobility mode : low (1 m/s)
  Seed          : 22
  Tx packets    : 2630
  Rx packets    : 763
  Packet loss   : 1867
  PDR (%)       : 29.0114
  Throughput    : 12.208 kbps
  Avg delay     : 0.0296796 s
  Avg jitter    : 0.0146506 s
  Routing ovhd  : 0 packets (best-effort)
  Avg hop count : 1.625 (exact)
  Path changes  : 0
  Avg link util : 0.00374878
  Max link util : 0.0303053
========================================
