  Note: 2 sensor(s) have no path to the gateway within the assumed static-route range (txRange=90 m) and are unreachable under static routing by construction.
========================================
  Protocol      : static
  Sensors       : 10
  Traffic level : high (16kbps/sensor)
  Mobility mode : low (1 m/s)
  Seed          : 21
  Tx packets    : 10540
  Rx packets    : 4126
  Packet loss   : 6414
  PDR (%)       : 39.1461
  Throughput    : 66.016 kbps
  Avg delay     : 0.0346765 s
  Avg jitter    : 0.014266 s
  Routing ovhd  : 0 packets (best-effort)
  Avg hop count : 1.5 (exact)
  Path changes  : 0
  Avg link util : 0.015807
  Max link util : 0.0730675
========================================
