  Note: 3 sensor(s) have no path to the gateway within the assumed static-route range (txRange=90 m) and are unreachable under static routing by construction.
========================================
  Protocol      : static
  Sensors       : 20
  Traffic level : medium (8kbps/sensor)
  Mobility mode : low (1 m/s)
  Seed          : 26
  Tx packets    : 10540
  Rx packets    : 3939
  Packet loss   : 6601
  PDR (%)       : 37.3719
  Throughput    : 63.024 kbps
  Avg delay     : 0.0608004 s
  Avg jitter    : 0.0275332 s
  Routing ovhd  : 0 packets (best-effort)
  Avg hop count : 1.52941 (exact)
  Path changes  : 0
  Avg link util : 0.00811179
  Max link util : 0.0464947
========================================
