  Note: 2 sensor(s) have no path to the gateway within the assumed static-route range (txRange=90 m) and are unreachable under static routing by construction.
========================================
  Protocol      : static
  Sensors       : 10
  Traffic level : high (16kbps/sensor)
  Mobility mode : medium (5 m/s)
  Seed          : 22
  Tx packets    : 10540
  Rx packets    : 1869
  Packet loss   : 8671
  PDR (%)       : 17.7324
  Throughput    : 29.904 kbps
  Avg delay     : 0.0166283 s
  Avg jitter    : 0.00624894 s
  Routing ovhd  : 0 packets (best-effort)
  Avg hop count : 1.625 (exact)
  Path changes  : 0
  Avg link util : 0.0129318
  Max link util : 0.0536525
========================================
