  Note: 2 sensor(s) have no path to the gateway within the assumed static-route range (txRange=90 m) and are unreachable under static routing by construction.
========================================
  Protocol      : static
  Sensors       : 10
  Traffic level : medium (8kbps/sensor)
  Mobility mode : static
  Seed          : 22
  Tx packets    : 5270
  Rx packets    : 3015
  Packet loss   : 2255
  PDR (%)       : 57.2106
  Throughput    : 48.24 kbps
  Avg delay     : 0.0357409 s
  Avg jitter    : 0.0156531 s
  Routing ovhd  : 0 packets (best-effort)
  Avg hop count : 1.625 (exact)
  Path changes  : 0
  Avg link util : 0.00934165
  Max link util : 0.0323942
========================================
