  Note: 3 sensor(s) have no path to the gateway within the assumed static-route range (txRange=90 m) and are unreachable under static routing by construction.
========================================
  Protocol      : static
  Sensors       : 20
  Traffic level : medium (8kbps/sensor)
  Mobility mode : medium (5 m/s)
  Seed          : 26
  Tx packets    : 10540
  Rx packets    : 3508
  Packet loss   : 7032
  PDR (%)       : 33.2827
  Throughput    : 56.128 kbps
  Avg delay     : 0.0591881 s
  Avg jitter    : 0.028797 s
  Routing ovhd  : 0 packets (best-effort)
  Avg hop count : 1.52941 (exact)
  Path changes  : 0
  Avg link util : 0.00904893
  Max link util : 0.0344678
========================================
