  Note: 3 sensor(s) have no path to the gateway within the assumed static-route range (txRange=90 m) and are unreachable under static routing by construction.
========================================
  Protocol      : static
  Sensors       : 10
  Traffic level : low (4kbps/sensor)
  Mobility mode : low (1 m/s)
  Seed          : 27
  Tx packets    : 2630
  Rx packets    : 1395
  Packet loss   : 1235
  PDR (%)       : 53.0418
  Throughput    : 22.32 kbps
  Avg delay     : 0.0363941 s
  Avg jitter    : 0.0161331 s
  Routing ovhd  : 0 packets (best-effort)
  Avg hop count : 1.57143 (exact)
  Path changes  : 0
  Avg link util : 0.00421973
  Max link util : 0.0145613
========================================
