  Note: 2 sensor(s) have no path to the gateway within the assumed static-route range (txRange=90 m) and are unreachable under static routing by construction.
========================================
  Protocol      : static
  Sensors       : 10
  Traffic level : high (16kbps/sensor)
  Mobility mode : static
  Seed          : 23
  Tx packets    : 10540
  Rx packets    : 5486
  Packet loss   : 5054
  PDR (%)       : 52.0493
  Throughput    : 87.776 kbps
  Avg delay     : 0.0249813 s
  Avg jitter    : 0.0111489 s
  Routing ovhd  : 0 packets (best-effort)
  Avg hop count : 1.125 (exact)
  Path changes  : 0
  Avg link util : 0.0134812
  Max link util : 0.0448819
========================================
