  Note: 1 sensor(s) have no path to the gateway within the assumed static-route range (txRange=90 m) and are unreachable under static routing by construction.
========================================
  Protocol      : static
  Sensors       : 20
  Traffic level : high (16kbps/sensor)
  Mobility mode : medium (5 m/s)
  Seed          : 21
  Tx packets    : 21080
  Rx packets    : 3661
  Packet loss   : 17419
  PDR (%)       : 17.3672
  Throughput    : 58.576 kbps
  Avg delay     : 0.033406 s
  Avg jitter    : 0.0170361 s
  Routing ovhd  : 0 packets (best-effort)
  Avg hop count : 1.47368 (exact)
  Path changes  : 0
  Avg link util : 0.0173315
  Max link util : 0.0653414
========================================
