  Note: 3 sensor(s) have no path to the gateway within the assumed static-route range (txRange=90 m) and are unreachable under static routing by construction.
========================================
  Protocol      : static
  Sensors       : 10
  Traffic level : high (16kbps/sensor)
  Mobility mode : medium (5 m/s)
  Seed          : 27
  Tx packets    : 10540
  Rx packets    : 2163
  Packet loss   : 8377
  PDR (%)       : 20.5218
  Throughput    : 34.608 kbps
  Avg delay     : 0.0284821 s
  Avg jitter    : 0.0138152 s
  Routing ovhd  : 0 packets (best-effort)
  Avg hop count : 1.57143 (exact)
  Path changes  : 0
  Avg link util : 0.0210655
  Max link util : 0.0750336
========================================
