  Note: 6 sensor(s) have no path to the gateway within the assumed static-route range (txRange=90 m) and are unreachable under static routing by construction.
========================================
  Protocol      : static
  Sensors       : 10
  Traffic level : high (16kbps/sensor)
  Mobility mode : static
  Seed          : 26
  Tx packets    : 10540
  Rx packets    : 5496
  Packet loss   : 5044
  PDR (%)       : 52.1442
  Throughput    : 87.936 kbps
  Avg delay     : 0.0261454 s
  Avg jitter    : 0.0131609 s
  Routing ovhd  : 0 packets (best-effort)
  Avg hop count : 1.25 (exact)
  Path changes  : 0
  Avg link util : 0.0207448
  Max link util : 0.0755405
========================================
