  Note: 1 sensor(s) have no path to the gateway within the assumed static-route range (txRange=90 m) and are unreachable under static routing by construction.
========================================
  Protocol      : static
  Sensors       : 20
  Traffic level : low (4kbps/sensor)
  Mobility mode : medium (5 m/s)
  Seed          : 24
  Tx packets    : 5260
  Rx packets    : 697
  Packet loss   : 4563
  PDR (%)       : 13.251
  Throughput    : 11.152 kbps
  Avg delay     : 0.0321015 s
  Avg jitter    : 0.0199437 s
  Routing ovhd  : 0 packets (best-effort)
  Avg hop count : 1.42105 (exact)
  Path changes  : 0
  Avg link util : 0.0032297
  Max link util : 0.0146534
========================================
