  Note: 1 sensor(s) have no path to the gateway within the assumed static-route range (txRange=90 m) and are unreachable under static routing by construction.
========================================
  Protocol      : static
  Sensors       : 10
  Traffic level : medium (8kbps/sensor)
  Mobility mode : low (1 m/s)
  Seed          : 24
  Tx packets    : 5270
  Rx packets    : 1881
  Packet loss   : 3389
  PDR (%)       : 35.6926
  Throughput    : 30.096 kbps
  Avg delay     : 0.0320123 s
  Avg jitter    : 0.0138946 s
  Routing ovhd  : 0 packets (best-effort)
  Avg hop count : 1.44444 (exact)
  Path changes  : 0
  Avg link util : 0.00838421
  Max link util : 0.0222106
========================================
