  Note: 6 sensor(s) have no path to the gateway within the assumed static-route range (txRange=90 m) and are unreachable under static routing by construction.
========================================
  Protocol      : static
  Sensors       : 10
  Traffic level : medium (8kbps/sensor)
  Mobility mode : medium (5 m/s)
  Seed          : 26
  Tx packets    : 5270
  Rx packets    : 2320
  Packet loss   : 2950
  PDR (%)       : 44.0228
  Throughput    : 37.12 kbps
  Avg delay     : 0.0291791 s
  Avg jitter    : 0.0143584 s
  Routing ovhd  : 0 packets (best-effort)
  Avg hop count : 1.25 (exact)
  Path changes  : 0
  Avg link util : 0.00894293
  Max link util : 0.0267571
========================================
