  Note: 1 sensor(s) have no path to the gateway within the assumed static-route range (txRange=90 m) and are unreachable under static routing by construction.
========================================
  Protocol      : static
  Sensors       : 30
  Traffic level : low (4kbps/sensor)
  Mobility mode : low (1 m/s)
  Seed          : 28
  Tx packets    : 7890
  Rx packets    : 1372
  Packet loss   : 6518
  PDR (%)       : 17.3891
  Throughput    : 21.952 kbps
  Avg delay     : 0.0542177 s
  Avg jitter    : 0.0238355 s
  Routing ovhd  : 0 packets (best-effort)
  Avg hop count : 1.55172 (exact)
  Path changes  : 0
  Avg link util : 0.00439647
  Max link util : 0.0169728
========================================
