==== RETRY PROBE BATCH START 2026-09-09 22:16:55  total=36 ====
[1/36] static_50_medium_seed20 22:16:55
[2/36] static_50_medium_seed25 22:17:07
[3/36] static_50_medium_seed30 22:17:19
[4/36] static_50_high_seed20 22:17:33
[5/36] static_50_high_seed25 22:17:59
[6/36] static_50_high_seed30 22:18:25
[7/36] static_75_medium_seed20 22:18:57
[8/36] static_75_medium_seed25 22:19:24
[9/36] static_75_medium_seed30 22:19:47
[10/36] static_75_high_seed20 22:20:03
[11/36] static_75_high_seed25 22:20:58
[12/36] static_75_high_seed30 22:21:46
[13/36] static_100_medium_seed20 22:22:19
[14/36] static_100_medium_seed25 22:22:55
[15/36] static_100_medium_seed30 22:23:49
[16/36] static_100_high_seed20 22:24:26
[17/36] static_100_high_seed25 22:25:44
[18/36] static_100_high_seed30 22:26:59
[19/36] olsr_50_medium_seed20 22:27:59
[20/36] olsr_50_medium_seed25 22:28:56
[21/36] olsr_50_medium_seed30 22:30:04
[22/36] olsr_50_high_seed20 22:31:10
[23/36] olsr_50_high_seed25 22:32:15
[24/36] olsr_50_high_seed30 22:33:33
[25/36] olsr_75_medium_seed20 22:34:47
[26/36] olsr_75_medium_seed25 22:37:45
[27/36] olsr_75_medium_seed30 22:41:31
[28/36] olsr_75_high_seed20 22:44:23
[29/36] olsr_75_high_seed25 22:46:48
[30/36] olsr_75_high_seed30 22:49:18
[31/36] olsr_100_medium_seed20 22:51:41
[32/36] olsr_100_medium_seed25 23:17:57
[33/36] olsr_100_medium_seed30 23:25:29
[34/36] olsr_100_high_seed20 23:31:49
[35/36] olsr_100_high_seed25 23:35:56
[36/36] olsr_100_high_seed30 23:58:44
==== RETRY PROBE BATCH DONE 2026-09-10 00:40:35  runs=36  failed=0 ====
