==== PROBE BATCH START 2026-09-08 23:45:46  total=176 ====
[1/176] static_30_medium_seed20 23:45:46
[2/176] static_30_medium_seed21 23:45:50
[3/176] static_30_medium_seed22 23:45:55
[4/176] static_30_medium_seed23 23:46:02
[5/176] static_30_medium_seed24 23:46:09
[6/176] static_30_medium_seed25 23:46:16
[7/176] static_30_medium_seed26 23:46:21
[8/176] static_30_medium_seed27 23:46:26
[9/176] static_30_medium_seed28 23:46:29
[10/176] static_30_medium_seed29 23:46:34
[11/176] static_30_medium_seed30 23:46:39
[12/176] static_30_high_seed20 23:46:46
[13/176] static_30_high_seed21 23:47:01
[14/176] static_30_high_seed22 23:47:10
[15/176] static_30_high_seed23 23:47:25
[16/176] static_30_high_seed24 23:47:40
[17/176] static_30_high_seed25 23:47:52
[18/176] static_30_high_seed26 23:48:04
[19/176] static_30_high_seed27 23:48:12
[20/176] static_30_high_seed28 23:48:20
[21/176] static_30_high_seed29 23:48:30
[22/176] static_30_high_seed30 23:48:39
[23/176] static_50_medium_seed20 23:48:53
[24/176] static_50_medium_seed21 23:49:04
[25/176] static_50_medium_seed22 23:49:18
[26/176] static_50_medium_seed23 23:49:33
[27/176] static_50_medium_seed24 23:49:44
[28/176] static_50_medium_seed25 23:49:56
[29/176] static_50_medium_seed26 23:50:08
[30/176] static_50_medium_seed27 23:50:21
[31/176] static_50_medium_seed28 23:50:32
[32/176] static_50_medium_seed29 23:50:45
[33/176] static_50_medium_seed30 23:50:58
[34/176] static_50_high_seed20 23:51:11
[35/176] static_50_high_seed21 23:51:37
[36/176] static_50_high_seed22 23:52:10
[37/176] static_50_high_seed23 23:52:49
[38/176] static_50_high_seed24 23:53:11
[39/176] static_50_high_seed25 23:53:37
[40/176] static_50_high_seed26 23:54:04
[41/176] static_50_high_seed27 23:54:35
[42/176] static_50_high_seed28 23:54:57
[43/176] static_50_high_seed29 23:55:20
[44/176] static_50_high_seed30 23:55:45
[45/176] static_75_medium_seed20 23:56:17
[46/176] static_75_medium_seed21 23:56:44
[47/176] static_75_medium_seed22 23:57:05
[48/176] static_75_medium_seed23 23:57:26
[49/176] static_75_medium_seed24 23:57:50
[50/176] static_75_medium_seed25 23:58:20
[51/176] static_75_medium_seed26 23:58:40
[52/176] static_75_medium_seed27 23:59:04
[53/176] static_75_medium_seed28 23:59:29
[54/176] static_75_medium_seed29 23:59:55
[55/176] static_75_medium_seed30 00:00:21
[56/176] static_75_high_seed20 00:00:37
[57/176] static_75_high_seed21 00:01:29
[58/176] static_75_high_seed22 00:02:19
[59/176] static_75_high_seed23 00:03:15
[60/176] static_75_high_seed24 00:04:02
[61/176] static_75_high_seed25 00:04:55
[62/176] static_75_high_seed26 00:05:44
[63/176] static_75_high_seed27 00:06:35
[64/176] static_75_high_seed28 00:07:28
[65/176] static_75_high_seed29 00:08:08
[66/176] static_75_high_seed30 00:08:51
[67/176] static_100_medium_seed20 00:09:25
[68/176] static_100_medium_seed21 00:10:01
[69/176] static_100_medium_seed22 00:10:30
[70/176] static_100_medium_seed23 00:11:09
[71/176] static_100_medium_seed24 00:11:56
[72/176] static_100_medium_seed25 00:12:31
[73/176] static_100_medium_seed26 00:13:22
[74/176] static_100_medium_seed27 00:14:08
[75/176] static_100_medium_seed28 00:14:33
[76/176] static_100_medium_seed29 00:15:27
[77/176] static_100_medium_seed30 00:16:10
[78/176] static_100_high_seed20 00:16:46
[79/176] static_100_high_seed21 00:18:03
[80/176] static_100_high_seed22 00:19:08
[81/176] static_100_high_seed23 00:20:21
[82/176] static_100_high_seed24 00:21:37
[83/176] static_100_high_seed25 00:22:47
[84/176] static_100_high_seed26 00:24:13
[85/176] static_100_high_seed27 00:25:31
[86/176] static_100_high_seed28 00:26:21
[87/176] static_100_high_seed29 00:27:38
[88/176] static_100_high_seed30 00:28:55
[89/176] olsr_30_medium_seed20 00:29:55
[90/176] olsr_30_medium_seed21 00:30:03
[91/176] olsr_30_medium_seed22 00:30:15
[92/176] olsr_30_medium_seed23 00:30:27
[93/176] olsr_30_medium_seed24 00:30:37
[94/176] olsr_30_medium_seed25 00:30:54
[95/176] olsr_30_medium_seed26 00:31:08
[96/176] olsr_30_medium_seed27 00:31:19
[97/176] olsr_30_medium_seed28 00:31:33
[98/176] olsr_30_medium_seed29 00:31:43
[99/176] olsr_30_medium_seed30 00:31:51
[100/176] olsr_30_high_seed20 00:32:05
[101/176] olsr_30_high_seed21 00:32:19
[102/176] olsr_30_high_seed22 00:32:38
[103/176] olsr_30_high_seed23 00:32:55
[104/176] olsr_30_high_seed24 00:33:12
[105/176] olsr_30_high_seed25 00:33:36
[106/176] olsr_30_high_seed26 00:33:57
[107/176] olsr_30_high_seed27 00:34:17
[108/176] olsr_30_high_seed28 00:34:39
[109/176] olsr_30_high_seed29 00:35:02
[110/176] olsr_30_high_seed30 00:35:20
[111/176] olsr_50_medium_seed20 00:35:40
[112/176] olsr_50_medium_seed21 00:36:35
[113/176] olsr_50_medium_seed22 00:37:45
[114/176] olsr_50_medium_seed23 00:38:44
[115/176] olsr_50_medium_seed24 00:39:40
[116/176] olsr_50_medium_seed25 00:40:48
[117/176] olsr_50_medium_seed26 00:41:56
[118/176] olsr_50_medium_seed27 00:42:57
[119/176] olsr_50_medium_seed28 00:43:49
[120/176] olsr_50_medium_seed29 00:44:45
[121/176] olsr_50_medium_seed30 00:45:42
[122/176] olsr_50_high_seed20 00:46:48
[123/176] olsr_50_high_seed21 00:47:53
[124/176] olsr_50_high_seed22 00:49:08
[125/176] olsr_50_high_seed23 00:50:12
[126/176] olsr_50_high_seed24 00:51:17
[127/176] olsr_50_high_seed25 00:52:28
[128/176] olsr_50_high_seed26 00:53:39
[129/176] olsr_50_high_seed27 00:54:50
[130/176] olsr_50_high_seed28 00:55:53
[131/176] olsr_50_high_seed29 00:56:55
[132/176] olsr_50_high_seed30 00:58:01
[133/176] olsr_75_medium_seed20 00:59:11
[134/176] olsr_75_medium_seed21 01:02:20
[135/176] olsr_75_medium_seed22 01:06:51
[136/176] olsr_75_medium_seed23 01:10:22
[137/176] olsr_75_medium_seed24 01:13:31
[138/176] olsr_75_medium_seed25 01:17:51
[139/176] olsr_75_medium_seed26 01:22:02
[140/176] olsr_75_medium_seed27 01:26:00
[141/176] olsr_75_medium_seed28 01:29:11
[142/176] olsr_75_medium_seed29 01:32:51
[143/176] olsr_75_medium_seed30 01:36:26
[144/176] olsr_75_high_seed20 01:39:38
[145/176] olsr_75_high_seed21 01:42:17
[146/176] olsr_75_high_seed22 01:45:30
[147/176] olsr_75_high_seed23 01:48:12
[148/176] olsr_75_high_seed24 01:50:47
[149/176] olsr_75_high_seed25 01:53:42
[150/176] olsr_75_high_seed26 01:56:31
[151/176] olsr_75_high_seed27 01:59:28
[152/176] olsr_75_high_seed28 02:02:10
[153/176] olsr_75_high_seed29 02:04:59
[154/176] olsr_75_high_seed30 02:07:53
[155/176] olsr_100_medium_seed20 02:10:33
[156/176] olsr_100_medium_seed21 02:16:27
[157/176] olsr_100_medium_seed22 02:24:21
[158/176] olsr_100_medium_seed23 02:31:28
[159/176] olsr_100_medium_seed24 02:38:41
[160/176] olsr_100_medium_seed25 02:46:10
[161/176] olsr_100_medium_seed26 02:55:44
[162/176] olsr_100_medium_seed27 03:04:11
[163/176] olsr_100_medium_seed28 03:12:05
[164/176] olsr_100_medium_seed29 03:21:08
[165/176] olsr_100_medium_seed30 03:30:28
[166/176] olsr_100_high_seed20 03:40:07
[167/176] olsr_100_high_seed21 03:44:13
[168/176] olsr_100_high_seed22 04:04:40
[169/176] olsr_100_high_seed23 04:08:43
[170/176] olsr_100_high_seed24 04:12:58
[171/176] olsr_100_high_seed25 04:17:26
[172/176] olsr_100_high_seed26 04:22:12
[173/176] olsr_100_high_seed27 04:26:54
[174/176] olsr_100_high_seed28 04:31:05
[175/176] olsr_100_high_seed29 04:35:31
[176/176] olsr_100_high_seed30 04:40:00
==== PROBE BATCH DONE 2026-09-09 04:44:22  runs=176  failed=0 ====
